[coderthemes.com/zircos/layouts/dashboard-real-estate.html]
[backblue.gif]
[fade.gif]
[index.html]
[coderthemes.com/zircos/layouts/assets/images/favicon.ico]
[coderthemes.com/zircos/layouts/assets/js/config.js]
[coderthemes.com/zircos/layouts/assets/css/vendor.min.css]
[coderthemes.com/zircos/layouts/assets/css/app.min.css]
[coderthemes.com/zircos/layouts/assets/css/icons.min.css]
[coderthemes.com/zircos/layouts/index.html]
[coderthemes.com/zircos/layouts/assets/images/logo.png]
[coderthemes.com/zircos/layouts/assets/images/logo-sm.png]
[coderthemes.com/zircos/layouts/assets/images/logo-dark.png]
[coderthemes.com/zircos/layouts/dashboard-analytics.html]
[coderthemes.com/zircos/layouts/apps-calendar.html]
[coderthemes.com/zircos/layouts/apps-real-estate-properties.html]
[coderthemes.com/zircos/layouts/apps-real-estate-properties-cards.html]
[coderthemes.com/zircos/layouts/apps-real-estate-property-details.html]
[coderthemes.com/zircos/layouts/apps-real-estate-add-property.html]
[coderthemes.com/zircos/layouts/apps-real-estate-agents.html]
[coderthemes.com/zircos/layouts/apps-real-estate-agent-details.html]
[coderthemes.com/zircos/layouts/apps-real-estate-customers.html]
[coderthemes.com/zircos/layouts/apps-real-estate-transactions.html]
[coderthemes.com/zircos/layouts/apps-real-estate-reviews.html]
[coderthemes.com/zircos/layouts/apps-invoices.html]
[coderthemes.com/zircos/layouts/apps-invoice-details.html]
[coderthemes.com/zircos/layouts/apps-invoice-create.html]
[coderthemes.com/zircos/layouts/pages-starter.html]
[coderthemes.com/zircos/layouts/pages-profile.html]
[coderthemes.com/zircos/layouts/pages-about-us.html]
[coderthemes.com/zircos/layouts/pages-contact-us.html]
[coderthemes.com/zircos/layouts/pages-members.html]
[coderthemes.com/zircos/layouts/pages-search-results.html]
[coderthemes.com/zircos/layouts/pages-pricing.html]
[coderthemes.com/zircos/layouts/pages-faq.html]
[coderthemes.com/zircos/layouts/pages-maintenance.html]
[coderthemes.com/zircos/layouts/pages-timeline.html]
[coderthemes.com/zircos/layouts/pages-coming-soon.html]
[coderthemes.com/zircos/layouts/auth-login.html]
[coderthemes.com/zircos/layouts/auth-register.html]
[coderthemes.com/zircos/layouts/auth-logout.html]
[coderthemes.com/zircos/layouts/auth-recoverpw.html]
[coderthemes.com/zircos/layouts/auth-createpw.html]
[coderthemes.com/zircos/layouts/auth-lock-screen.html]
[coderthemes.com/zircos/layouts/auth-confirm-mail.html]
[coderthemes.com/zircos/layouts/auth-login-pin.html]
[coderthemes.com/zircos/layouts/error-401.html]
[coderthemes.com/zircos/layouts/error-400.html]
[coderthemes.com/zircos/layouts/error-403.html]
[coderthemes.com/zircos/layouts/error-404.html]
[coderthemes.com/zircos/layouts/error-500.html]
[coderthemes.com/zircos/layouts/error-service-unavailable.html]
[coderthemes.com/zircos/layouts/error-404-alt.html]
[coderthemes.com/zircos/layouts/layouts-horizontal.html]
[coderthemes.com/zircos/layouts/layouts-detached.html]
[coderthemes.com/zircos/layouts/layouts-full.html]
[coderthemes.com/zircos/layouts/layouts-fullscreen.html]
[coderthemes.com/zircos/layouts/layouts-hover.html]
[coderthemes.com/zircos/layouts/layouts-compact.html]
[coderthemes.com/zircos/layouts/layouts-icon-view.html]
[coderthemes.com/zircos/layouts/ui-accordions.html]
[coderthemes.com/zircos/layouts/ui-alerts.html]
[coderthemes.com/zircos/layouts/ui-avatars.html]
[coderthemes.com/zircos/layouts/ui-badges.html]
[coderthemes.com/zircos/layouts/ui-breadcrumb.html]
[coderthemes.com/zircos/layouts/ui-buttons.html]
[coderthemes.com/zircos/layouts/ui-cards.html]
[coderthemes.com/zircos/layouts/ui-carousel.html]
[coderthemes.com/zircos/layouts/ui-collapse.html]
[coderthemes.com/zircos/layouts/ui-dropdowns.html]
[coderthemes.com/zircos/layouts/ui-ratios.html]
[coderthemes.com/zircos/layouts/ui-grid.html]
[coderthemes.com/zircos/layouts/ui-links.html]
[coderthemes.com/zircos/layouts/ui-list-group.html]
[coderthemes.com/zircos/layouts/ui-modals.html]
[coderthemes.com/zircos/layouts/ui-notifications.html]
[coderthemes.com/zircos/layouts/ui-offcanvas.html]
[coderthemes.com/zircos/layouts/ui-placeholders.html]
[coderthemes.com/zircos/layouts/ui-pagination.html]
[coderthemes.com/zircos/layouts/ui-popovers.html]
[coderthemes.com/zircos/layouts/ui-progress.html]
[coderthemes.com/zircos/layouts/ui-scrollspy.html]
[coderthemes.com/zircos/layouts/ui-spinners.html]
[coderthemes.com/zircos/layouts/ui-tabs.html]
[coderthemes.com/zircos/layouts/ui-tooltips.html]
[coderthemes.com/zircos/layouts/ui-typography.html]
[coderthemes.com/zircos/layouts/ui-utilities.html]
[coderthemes.com/zircos/layouts/extended-dragula.html]
[coderthemes.com/zircos/layouts/extended-sweetalerts.html]
[coderthemes.com/zircos/layouts/extended-ratings.html]
[coderthemes.com/zircos/layouts/extended-scrollbar.html]
[coderthemes.com/zircos/layouts/icons-tabler.html]
[coderthemes.com/zircos/layouts/icons-lucid.html]
[coderthemes.com/zircos/layouts/charts-apex-area.html]
[coderthemes.com/zircos/layouts/charts-apex-bar.html]
[coderthemes.com/zircos/layouts/charts-apex-bubble.html]
[coderthemes.com/zircos/layouts/charts-apex-candlestick.html]
[coderthemes.com/zircos/layouts/charts-apex-column.html]
[coderthemes.com/zircos/layouts/charts-apex-heatmap.html]
[coderthemes.com/zircos/layouts/charts-apex-line.html]
[coderthemes.com/zircos/layouts/charts-apex-mixed.html]
[coderthemes.com/zircos/layouts/charts-apex-timeline.html]
[coderthemes.com/zircos/layouts/charts-apex-boxplot.html]
[coderthemes.com/zircos/layouts/charts-apex-treemap.html]
[coderthemes.com/zircos/layouts/charts-apex-pie.html]
[coderthemes.com/zircos/layouts/charts-apex-radar.html]
[coderthemes.com/zircos/layouts/charts-apex-radialbar.html]
[coderthemes.com/zircos/layouts/charts-apex-scatter.html]
[coderthemes.com/zircos/layouts/charts-apex-polar-area.html]
[coderthemes.com/zircos/layouts/charts-apex-sparklines.html]
[coderthemes.com/zircos/layouts/form-elements.html]
[coderthemes.com/zircos/layouts/form-inputmask.html]
[coderthemes.com/zircos/layouts/form-picker.html]
[coderthemes.com/zircos/layouts/form-select.html]
[coderthemes.com/zircos/layouts/form-range-slider.html]
[coderthemes.com/zircos/layouts/form-validation.html]
[coderthemes.com/zircos/layouts/form-wizard.html]
[coderthemes.com/zircos/layouts/form-fileuploads.html]
[coderthemes.com/zircos/layouts/form-editors.html]
[coderthemes.com/zircos/layouts/form-layouts.html]
[coderthemes.com/zircos/layouts/tables-basic.html]
[coderthemes.com/zircos/layouts/tables-gridjs.html]
[coderthemes.com/zircos/layouts/maps-google.html]
[coderthemes.com/zircos/layouts/tables-datatable.html]
[coderthemes.com/zircos/layouts/maps-vector.html]
[coderthemes.com/zircos/layouts/maps-leaflet.html]
[coderthemes.com/zircos/layouts/assets/images/users/avatar-4.jpg]
[coderthemes.com/zircos/layouts/assets/images/users/avatar-7.jpg]
[coderthemes.com/zircos/layouts/assets/images/users/avatar-10.jpg]
[coderthemes.com/zircos/layouts/assets/images/users/avatar-1.jpg]
[coderthemes.com/zircos/layouts/assets/images/users/avatar-9.jpg]
[coderthemes.com/zircos/layouts/assets/images/users/avatar-2.jpg]
[coderthemes.com/zircos/layouts/assets/images/users/avatar-3.jpg]
[coderthemes.com/zircos/layouts/assets/images/users/avatar-5.jpg]
[coderthemes.com/zircos/layouts/assets/images/users/avatar-6.jpg]
[coderthemes.com/zircos/layouts/assets/js/app.js]
[coderthemes.com/zircos/layouts/assets/js/vendor.min.js]
[coderthemes.com/zircos/layouts/assets/vendor/apexcharts/apexcharts.min.js]
[coderthemes.com/zircos/layouts/assets/js/pages/dashboard-realestate.js]
[coderthemes.com/zircos/layouts/dashboard-real-estate.html]
[coderthemes.com/zircos/layouts/assets/css/vendor.min.css]
[coderthemes.com/zircos/layouts/assets/images/small/small-3.jpg]
[coderthemes.com/zircos/layouts/assets/css/app.min.css]
[coderthemes.com/zircos/layouts/assets/fonts/tabler-icons1f6d.woff2]
[coderthemes.com/zircos/layouts/assets/fonts/tabler-iconsd41d.woff]
[coderthemes.com/zircos/layouts/assets/fonts/tabler-icons1f6d.ttf]
[coderthemes.com/zircos/layouts/assets/css/icons.min.css]
[coderthemes.com/zircos/layouts/assets/js/pages/dashboard.js]
[coderthemes.com/zircos/layouts/index.html]
[coderthemes.com/zircos/layouts/assets/vendor/jsvectormap/jsvectormap.min.css]
[coderthemes.com/zircos/layouts/assets/vendor/jsvectormap/jsvectormap.min.js]
[coderthemes.com/zircos/layouts/assets/vendor/jsvectormap/maps/world-merc.js]
[coderthemes.com/zircos/layouts/assets/vendor/jsvectormap/maps/world.js]
[coderthemes.com/zircos/layouts/assets/js/pages/dashboard-analytics.js]
[coderthemes.com/zircos/layouts/dashboard-analytics.html]
[coderthemes.com/zircos/layouts/assets/vendor/fullcalendar/index.global.min.js]
[coderthemes.com/zircos/layouts/assets/js/pages/apps-calendar.js]
[coderthemes.com/zircos/layouts/apps-calendar.html]
[coderthemes.com/zircos/layouts/assets/images/properties/1.jpg]
[coderthemes.com/zircos/layouts/assets/images/properties/2.jpg]
[coderthemes.com/zircos/layouts/assets/images/properties/3.jpg]
[coderthemes.com/zircos/layouts/assets/images/properties/4.jpg]
[coderthemes.com/zircos/layouts/assets/images/properties/5.jpg]
[coderthemes.com/zircos/layouts/assets/images/properties/6.jpg]
[coderthemes.com/zircos/layouts/apps-real-estate-properties.html]
[coderthemes.com/zircos/layouts/assets/images/properties/7.jpg]
[coderthemes.com/zircos/layouts/assets/images/properties/8.jpg]
[coderthemes.com/zircos/layouts/apps-real-estate-properties-cards.html]
[coderthemes.com/zircos/layouts/apps-real-estate-property-details.html]
[coderthemes.com/zircos/layouts/assets/vendor/dropzone/dropzone.css]
[coderthemes.com/zircos/layouts/assets/vendor/dropzone/dropzone-min.js]
[coderthemes.com/zircos/layouts/assets/js/components/form-fileupload.js]
[coderthemes.com/zircos/layouts/apps-real-estate-add-property.html]
[coderthemes.com/zircos/layouts/assets/images/users/avatar-8.jpg]
[coderthemes.com/zircos/layouts/apps-real-estate-agents.html]
[coderthemes.com/zircos/layouts/apps-real-estate-agent-details.html]
[coderthemes.com/zircos/layouts/apps-real-estate-customers.html]
[coderthemes.com/zircos/layouts/apps-real-estate-transactions.html]
[coderthemes.com/zircos/layouts/apps-real-estate-reviews.html]
[coderthemes.com/zircos/layouts/assets/vendor/flatpickr/flatpickr.min.css]
[coderthemes.com/zircos/layouts/apps-invoices.html]
[coderthemes.com/zircos/layouts/assets/images/png/qr-code.png]
[coderthemes.com/zircos/layouts/assets/images/png/signature.png]
[coderthemes.com/zircos/layouts/apps-invoice-details.html]
[coderthemes.com/zircos/layouts/apps-invoice-create.html]
[coderthemes.com/zircos/layouts/pages-starter.html]
[coderthemes.com/zircos/layouts/assets/images/small/small-1.jpg]
[coderthemes.com/zircos/layouts/assets/images/small/small-2.jpg]
[coderthemes.com/zircos/layouts/pages-profile.html]
[coderthemes.com/zircos/layouts/pages-about-us.html]
[coderthemes.com/zircos/layouts/pages-contact-us.html]
[coderthemes.com/zircos/layouts/pages-members.html]
[coderthemes.com/zircos/layouts/assets/images/small/small-4.jpg]
[coderthemes.com/zircos/layouts/pages-search-results.html]
[coderthemes.com/zircos/layouts/pages-pricing.html]
[coderthemes.com/zircos/layouts/pages-faq.html]
[coderthemes.com/zircos/layouts/assets/images/error/animar-maintenance.gif]
[coderthemes.com/zircos/layouts/pages-maintenance.html]
[coderthemes.com/zircos/layouts/assets/images/small/small-7.jpg]
[coderthemes.com/zircos/layouts/pages-timeline.html]
[coderthemes.com/zircos/layouts/assets/js/pages/coming-soon.js]
[coderthemes.com/zircos/layouts/pages-coming-soon.html]
[coderthemes.com/zircos/layouts/auth-login.html]
[coderthemes.com/zircos/layouts/auth-register.html]
[coderthemes.com/zircos/layouts/auth-logout.html]
[coderthemes.com/zircos/layouts/auth-recoverpw.html]
[coderthemes.com/zircos/layouts/auth-createpw.html]
[coderthemes.com/zircos/layouts/auth-lock-screen.html]
[coderthemes.com/zircos/layouts/auth-confirm-mail.html]
[coderthemes.com/zircos/layouts/auth-login-pin.html]
[coderthemes.com/zircos/layouts/assets/images/error/animat-403.gif]
[coderthemes.com/zircos/layouts/error-401.html]
[coderthemes.com/zircos/layouts/error-400.html]
[coderthemes.com/zircos/layouts/error-403.html]
[coderthemes.com/zircos/layouts/assets/images/error/animat-search-color.gif]
[coderthemes.com/zircos/layouts/error-404.html]
[coderthemes.com/zircos/layouts/assets/images/error/animat-customize-color.gif]
[coderthemes.com/zircos/layouts/error-500.html]
[coderthemes.com/zircos/layouts/assets/images/error/animat-503.gif]
[coderthemes.com/zircos/layouts/error-service-unavailable.html]
[coderthemes.com/zircos/layouts/error-404-alt.html]
[coderthemes.com/zircos/layouts/ui-embed-video.html]
[coderthemes.com/zircos/layouts/layouts-horizontal.html]
[coderthemes.com/zircos/layouts/layouts-detached.html]
[coderthemes.com/zircos/layouts/layouts-full.html]
[coderthemes.com/zircos/layouts/layouts-fullscreen.html]
[coderthemes.com/zircos/layouts/layouts-hover.html]
[coderthemes.com/zircos/layouts/layouts-compact.html]
[coderthemes.com/zircos/layouts/layouts-icon-view.html]
[coderthemes.com/zircos/layouts/ui-accordions.html]
[coderthemes.com/zircos/layouts/ui-alerts.html]
[coderthemes.com/zircos/layouts/ui-avatars.html]
[coderthemes.com/zircos/layouts/ui-badges.html]
[coderthemes.com/zircos/layouts/ui-breadcrumb.html]
[coderthemes.com/zircos/layouts/ui-buttons.html]
[coderthemes.com/zircos/layouts/ui-cards.html]
[coderthemes.com/zircos/layouts/assets/images/small/small-5.jpg]
[coderthemes.com/zircos/layouts/assets/images/small/small-6.jpg]
[coderthemes.com/zircos/layouts/ui-carousel.html]
[coderthemes.com/zircos/layouts/ui-collapse.html]
[coderthemes.com/zircos/layouts/ui-dropdowns.html]
[coderthemes.com/zircos/layouts/ui-ratios.html]
[coderthemes.com/zircos/layouts/ui-grid.html]
[coderthemes.com/zircos/layouts/ui-links.html]
[coderthemes.com/zircos/layouts/ui-list-group.html]
[coderthemes.com/zircos/layouts/ui-modals.html]
[coderthemes.com/zircos/layouts/assets/vendor/jquery-toast-plugin/jquery.toast.min.css]
[coderthemes.com/zircos/layouts/ui-notifications.html]
[coderthemes.com/zircos/layouts/ui-offcanvas.html]
[coderthemes.com/zircos/layouts/ui-placeholders.html]
[coderthemes.com/zircos/layouts/ui-pagination.html]
[coderthemes.com/zircos/layouts/ui-popovers.html]
[coderthemes.com/zircos/layouts/ui-progress.html]
[coderthemes.com/zircos/layouts/ui-scrollspy.html]
[coderthemes.com/zircos/layouts/ui-spinners.html]
[coderthemes.com/zircos/layouts/ui-tabs.html]
[coderthemes.com/zircos/layouts/ui-tooltips.html]
[coderthemes.com/zircos/layouts/ui-typography.html]
[coderthemes.com/zircos/layouts/ui-utilities.html]
[coderthemes.com/zircos/layouts/assets/vendor/dragula/dragula.min.js]
[coderthemes.com/zircos/layouts/assets/js/components/extended-dragula.js]
[coderthemes.com/zircos/layouts/extended-dragula.html]
[coderthemes.com/zircos/layouts/assets/vendor/sweetalert2/sweetalert2.min.css]
[coderthemes.com/zircos/layouts/assets/vendor/sweetalert2/sweetalert2.min.js]
[coderthemes.com/zircos/layouts/assets/js/components/extended-sweetalerts.js]
[coderthemes.com/zircos/layouts/extended-sweetalerts.html]
[coderthemes.com/zircos/layouts/assets/vendor/rater-js/index.js]
[coderthemes.com/zircos/layouts/assets/js/components/extended-rating.js]
[coderthemes.com/zircos/layouts/extended-ratings.html]
[coderthemes.com/zircos/layouts/extended-scrollbar.html]
[coderthemes.com/zircos/layouts/icons-tabler.html]
[coderthemes.com/zircos/layouts/icons-lucid.html]
[coderthemes.com/zircos/layouts/assets/vendor/moment/moment.js]
[apexcharts.com/samples/assets/stock-prices.js]
[apexcharts.com/samples/assets/github-data.js]
[apexcharts.com/samples/assets/irregular-data-series.js]
[coderthemes.com/zircos/layouts/assets/js/components/chart-apex-area.js]
[coderthemes.com/zircos/layouts/charts-apex-area.html]
[coderthemes.com/zircos/layouts/assets/js/components/chart-apex-bar.js]
[coderthemes.com/zircos/layouts/charts-apex-bar.html]
[coderthemes.com/zircos/layouts/assets/js/components/chart-apex-bubble.js]
[coderthemes.com/zircos/layouts/charts-apex-bubble.html]
[apexcharts.com/samples/assets/ohlc.js]
[cdnjs.cloudflare.com/ajax/libs/dayjs/1.8.17/dayjs.min.js]
[coderthemes.com/zircos/layouts/assets/js/components/chart-apex-candlestick.js]
[coderthemes.com/zircos/layouts/charts-apex-candlestick.html]
[cdnjs.cloudflare.com/ajax/libs/dayjs/1.11.0/dayjs.min.js]
[cdnjs.cloudflare.com/ajax/libs/dayjs/1.11.0/plugin/quarterOfYear.min.js]
[coderthemes.com/zircos/layouts/assets/js/components/chart-apex-column.js]
[coderthemes.com/zircos/layouts/charts-apex-column.html]
[coderthemes.com/zircos/layouts/assets/js/components/chart-apex-heatmap.js]
[coderthemes.com/zircos/layouts/charts-apex-heatmap.html]
[coderthemes.com/zircos/layouts/assets/js/components/chart-apex-line.js]
[coderthemes.com/zircos/layouts/charts-apex-line.html]
[coderthemes.com/zircos/layouts/assets/js/components/chart-apex-mixed.js]
[coderthemes.com/zircos/layouts/charts-apex-mixed.html]
[coderthemes.com/zircos/layouts/assets/vendor/moment/min/moment.min.js]
[coderthemes.com/zircos/layouts/assets/js/components/chart-apex-timeline.js]
[coderthemes.com/zircos/layouts/charts-apex-timeline.html]
[coderthemes.com/zircos/layouts/assets/js/components/chart-apex-boxplot.js]
[coderthemes.com/zircos/layouts/charts-apex-boxplot.html]
[coderthemes.com/zircos/layouts/assets/js/components/chart-apex-treemap.js]
[coderthemes.com/zircos/layouts/charts-apex-treemap.html]
[coderthemes.com/zircos/layouts/assets/js/components/chart-apex-pie.js]
[coderthemes.com/zircos/layouts/charts-apex-pie.html]
[coderthemes.com/zircos/layouts/assets/js/components/chart-apex-radar.js]
[coderthemes.com/zircos/layouts/charts-apex-radar.html]
[coderthemes.com/zircos/layouts/assets/js/components/chart-apex-radialbar.js]
[coderthemes.com/zircos/layouts/charts-apex-radialbar.html]
[coderthemes.com/zircos/layouts/assets/js/components/chart-apex-scatter.js]
[coderthemes.com/zircos/layouts/charts-apex-scatter.html]
[coderthemes.com/zircos/layouts/assets/js/components/chart-apex-polar-area.js]
[coderthemes.com/zircos/layouts/charts-apex-polar-area.html]
[coderthemes.com/zircos/layouts/assets/js/components/chart-apex-sparklines.js]
[coderthemes.com/zircos/layouts/charts-apex-sparklines.html]
[coderthemes.com/zircos/layouts/form-elements.html]
[coderthemes.com/zircos/layouts/form-inputmask.html]
[coderthemes.com/zircos/layouts/form-picker.html]
[coderthemes.com/zircos/layouts/form-select.html]
[coderthemes.com/zircos/layouts/assets/vendor/nouislider/nouislider.min.css]
[coderthemes.com/zircos/layouts/assets/vendor/nouislider/nouislider.min.js]
[coderthemes.com/zircos/layouts/assets/vendor/wnumb/wNumb.min.js]
[coderthemes.com/zircos/layouts/assets/js/components/extended-range-slider.js]
[coderthemes.com/zircos/layouts/form-range-slider.html]
[coderthemes.com/zircos/layouts/form-validation.html]
[coderthemes.com/zircos/layouts/assets/vendor/vanilla-wizard/js/wizard.min.js]
[coderthemes.com/zircos/layouts/assets/js/components/form-wizard.js]
[coderthemes.com/zircos/layouts/form-wizard.html]
[coderthemes.com/zircos/layouts/form-fileuploads.html]
[coderthemes.com/zircos/layouts/assets/vendor/quill/quill.core.css]
[coderthemes.com/zircos/layouts/assets/vendor/quill/quill.snow.css]
[coderthemes.com/zircos/layouts/assets/vendor/quill/quill.bubble.css]
[coderthemes.com/zircos/layouts/assets/js/components/form-quilljs.js]
[coderthemes.com/zircos/layouts/form-editors.html]
[coderthemes.com/zircos/layouts/form-layouts.html]
[coderthemes.com/zircos/layouts/tables-basic.html]
[coderthemes.com/zircos/layouts/assets/vendor/quill/quill.min.js]
[coderthemes.com/zircos/layouts/assets/vendor/gridjs/theme/mermaid.min.css]
[coderthemes.com/zircos/layouts/assets/vendor/gridjs/gridjs.umd.js]
[coderthemes.com/zircos/layouts/assets/js/components/table-gridjs.js]
[coderthemes.com/zircos/layouts/tables-gridjs.html]
[coderthemes.com/zircos/layouts/assets/vendor/datatables.net-bs5/css/dataTables.bootstrap5.min.css]
[coderthemes.com/zircos/layouts/assets/vendor/datatables.net-responsive-bs5/css/responsive.bootstrap5.min.css]
[coderthemes.com/zircos/layouts/assets/vendor/datatables.net-fixedcolumns-bs5/css/fixedColumns.bootstrap5.min.css]
[coderthemes.com/zircos/layouts/assets/vendor/datatables.net-fixedheader-bs5/css/fixedHeader.bootstrap5.min.css]
[coderthemes.com/zircos/layouts/assets/vendor/datatables.net-buttons-bs5/css/buttons.bootstrap5.min.css]
[coderthemes.com/zircos/layouts/assets/vendor/datatables.net-select-bs5/css/select.bootstrap5.min.css]
[coderthemes.com/zircos/layouts/assets/vendor/datatables.net/js/jquery.dataTables.min.js]
[coderthemes.com/zircos/layouts/assets/vendor/datatables.net-bs5/js/dataTables.bootstrap5.min.js]
[coderthemes.com/zircos/layouts/assets/vendor/datatables.net-responsive/js/dataTables.responsive.min.js]
[coderthemes.com/zircos/layouts/assets/vendor/datatables.net-responsive-bs5/js/responsive.bootstrap5.min.js]
[coderthemes.com/zircos/layouts/assets/vendor/datatables.net-fixedcolumns-bs5/js/fixedColumns.bootstrap5.min.js]
[coderthemes.com/zircos/layouts/assets/vendor/datatables.net-fixedheader/js/dataTables.fixedHeader.min.js]
[coderthemes.com/zircos/layouts/assets/vendor/datatables.net-buttons/js/dataTables.buttons.min.js]
[coderthemes.com/zircos/layouts/assets/vendor/datatables.net-buttons-bs5/js/buttons.bootstrap5.min.js]
[coderthemes.com/zircos/layouts/assets/vendor/datatables.net-buttons/js/buttons.html5.min.js]
[coderthemes.com/zircos/layouts/assets/vendor/datatables.net-buttons/js/buttons.flash.min.js]
[coderthemes.com/zircos/layouts/assets/vendor/datatables.net-buttons/js/buttons.print.min.js]
[coderthemes.com/zircos/layouts/assets/vendor/datatables.net-keytable/js/dataTables.keyTable.min.js]
[coderthemes.com/zircos/layouts/assets/vendor/datatables.net-select/js/dataTables.select.min.js]
[coderthemes.com/zircos/layouts/assets/js/components/table-datatable.js]
[coderthemes.com/zircos/layouts/tables-datatable.html]
[coderthemes.com/zircos/layouts/maps-google.html]
[coderthemes.com/zircos/layouts/assets/js/maps/in-mill-en.js]
[coderthemes.com/zircos/layouts/assets/js/maps/canada.js]
[coderthemes.com/zircos/layouts/assets/js/maps/iraq.js]
[coderthemes.com/zircos/layouts/assets/js/maps/russia.js]
[coderthemes.com/zircos/layouts/assets/js/maps/spain.js]
[coderthemes.com/zircos/layouts/assets/js/maps/us-aea-en.js]
[coderthemes.com/zircos/layouts/assets/js/maps/us-lcc-en.js]
[coderthemes.com/zircos/layouts/assets/js/maps/us-mill-en.js]
[coderthemes.com/zircos/layouts/assets/js/components/maps-vector.js]
[coderthemes.com/zircos/layouts/maps-vector.html]
[coderthemes.com/zircos/layouts/assets/vendor/leaflet/leaflet.css]
[coderthemes.com/zircos/layouts/assets/vendor/leaflet/leaflet.js]
[coderthemes.com/zircos/layouts/assets/js/maps/leaflet-data.js]
[coderthemes.com/zircos/layouts/assets/js/components/maps-leaflet.js]
[coderthemes.com/zircos/layouts/maps-leaflet.html]
[coderthemes.com/zircos/layouts/assets/images/flags/us.svg]
[coderthemes.com/zircos/layouts/assets/images/flags/in.svg]
[coderthemes.com/zircos/layouts/assets/images/flags/de.svg]
[coderthemes.com/zircos/layouts/assets/images/flags/it.svg]
[coderthemes.com/zircos/layouts/assets/images/flags/es.svg]
[coderthemes.com/zircos/layouts/assets/images/flags/ru.svg]
[coderthemes.com/zircos/layouts/assets/images/brands/slack.svg]
[coderthemes.com/zircos/layouts/assets/images/brands/gitlab.svg]
[coderthemes.com/zircos/layouts/assets/images/brands/dribbble.svg]
[coderthemes.com/zircos/layouts/assets/images/brands/bitbucket.svg]
[coderthemes.com/zircos/layouts/assets/images/brands/dropbox.svg]
[coderthemes.com/zircos/layouts/assets/images/brands/google-cloud.svg]
[coderthemes.com/assets/images/dr-profile/dr-bg.html]
[coderthemes.com/zircos/layouts/assets/images/banner-1.html]
[coderthemes.com/zircos/layouts/assets/vendor/jsvectormap/jsvectormap.min.css]
[coderthemes.com/zircos/layouts/assets/images/flags/br.svg]
[coderthemes.com/zircos/layouts/assets/vendor/dropzone/dropzone.css]
[coderthemes.com/zircos/layouts/assets/vendor/flatpickr/flatpickr.min.css]
[coderthemes.com/zircos/layouts/assets/images/animat-search-color.html]
[coderthemes.com/zircos/layouts/apps-email.html]
[coderthemes.com/zircos/layouts/apps-file-manager.html]
[coderthemes.com/zircos/layouts/auth-2fa.html]
[coderthemes.com/zircos/layouts/auth-account-deactivation.html]
[coderthemes.com/zircos/layouts/error-408.html]
[coderthemes.com/zircos/layouts/error-501.html]
[coderthemes.com/zircos/layouts/error-502.html]
[coderthemes.com/zircos/layouts/ui-embed-video.html]
[coderthemes.com/zircos/layouts/ui-ribbons.html]
[coderthemes.com/zircos/layouts/.tables-datatable.html]
[coderthemes.com/zircos/layouts/icons-solar.html]
[coderthemes.com/zircos/layouts/assets/vendor/jquery-toast-plugin/jquery.toast.min.css]
[coderthemes.com/zircos/layouts/assets/vendor/sweetalert2/sweetalert2.min.css]
[apexcharts.com/samples/assets/series1000.js]
[coderthemes.com/zircos/layouts/assets/js/components/form-inputmask.js]
[coderthemes.com/zircos/layouts/assets/vendor/nouislider/nouislider.min.css]
[coderthemes.com/zircos/layouts/assets/vendor/quill/quill.core.css]
[coderthemes.com/zircos/layouts/assets/vendor/quill/quill.snow.css]
[coderthemes.com/zircos/layouts/assets/vendor/quill/quill.bubble.css]
[coderthemes.com/zircos/layouts/assets/vendor/gridjs/theme/mermaid.min.css]
[coderthemes.com/zircos/layouts/assets/vendor/datatables.net-bs5/css/dataTables.bootstrap5.min.css]
[coderthemes.com/zircos/layouts/assets/vendor/datatables.net-responsive-bs5/css/responsive.bootstrap5.min.css]
[coderthemes.com/zircos/layouts/assets/vendor/datatables.net-fixedcolumns-bs5/css/fixedColumns.bootstrap5.min.css]
[coderthemes.com/zircos/layouts/assets/vendor/datatables.net-fixedheader-bs5/css/fixedHeader.bootstrap5.min.css]
[coderthemes.com/zircos/layouts/assets/vendor/datatables.net-buttons-bs5/css/buttons.bootstrap5.min.css]
[coderthemes.com/zircos/layouts/assets/vendor/datatables.net-select-bs5/css/select.bootstrap5.min.css]
[coderthemes.com/zircos/layouts/assets/vendor/leaflet/images/layers.png]
[coderthemes.com/zircos/layouts/assets/vendor/leaflet/images/layers-2x.png]
[coderthemes.com/zircos/layouts/assets/vendor/leaflet/images/marker-icon.png]
[coderthemes.com/zircos/layouts/assets/vendor/leaflet/leaflet.css]
